// Jest Snapshot v1, https://goo.gl/fbAQLP

exports[`Testando component Product Teste de snapshot 1`] = `
<p
  class="card__description"
>
  Cuzcus
</p>
`;
